[www.cosmofilms.com/apanel/index.html]
[backblue.gif]
[fade.gif]
[index.html]
[www.cosmofilms.com/apanel/backend-js/csshorizontalmenu.js]
[www.cosmofilms.com/apanel/backend-js/common.js]
[www.cosmofilms.com/apanel/backend-js/epoch_classes.js]
[www.cosmofilms.com/apanel/backend-js/jquery.min.js]
[www.cosmofilms.com/apanel/backend-js/prototype.js]
[www.cosmofilms.com/filemanager_in_ckeditor/js/ckeditor/ckeditor.js]
[www.cosmofilms.com/filemanager_in_ckeditor/sample.js]
[www.cosmofilms.com/filemanager_in_ckeditor/sample.css]
[www.cosmofilms.com/filemanager_in_ckeditor/js/ckeditor/skins/kama/editor.css]
[www.cosmofilms.com/apanel/backend-stylesheet/backend-stylesheet.css]
[www.cosmofilms.com/apanel/backend-stylesheet/bootstrap.css]
[www.cosmofilms.com/apanel/backend-js/calender.css]
[www.cosmofilms.com/apanel/lightbox/nav/jquery.min.js]
[www.cosmofilms.com/apanel/lightbox/visuallightbox.css]
[www.cosmofilms.com/apanel/lightbox/visuallightbox.js]
[www.cosmofilms.com/apanel/lightbox/vlbdata.js]
[www.cosmofilms.com/apanel/image/logo.png]
[www.cosmofilms.com/apanel/index.html]
[www.cosmofilms.com/filemanager_in_ckeditor/js/ckeditor/ckeditor.js]
[www.cosmofilms.com/filemanager_in_ckeditor/sample.css]
[www.cosmofilms.com/filemanager_in_ckeditor/js/ckeditor/skins/kama/images/sprites.png]
[www.cosmofilms.com/filemanager_in_ckeditor/js/ckeditor/skins/kama/images/sprites_ie6.png]
[www.cosmofilms.com/filemanager_in_ckeditor/js/ckeditor/skins/kama/icons.png]
[www.cosmofilms.com/filemanager_in_ckeditor/js/ckeditor/skins/kama/editor.css]
[www.cosmofilms.com/apanel/image/icon-user.png]
[www.cosmofilms.com/apanel/image/password-icon.png]
[www.cosmofilms.com/apanel/image/divied.png]
[www.cosmofilms.com/apanel/backend-stylesheet/backend-stylesheet.css]
[www.cosmofilms.com/apanel/fonts/glyphicons-halflings-regular.eot]
[www.cosmofilms.com/apanel/fonts/glyphicons-halflings-regulard41d.eot]
[www.cosmofilms.com/apanel/fonts/glyphicons-halflings-regular.woff2]
[www.cosmofilms.com/apanel/fonts/glyphicons-halflings-regular.woff]
[www.cosmofilms.com/apanel/fonts/glyphicons-halflings-regular.ttf]
[www.cosmofilms.com/apanel/backend-stylesheet/bootstrap.css]
[www.cosmofilms.com/apanel/backend-js/calender.css]
[www.cosmofilms.com/apanel/fonts/glyphicons-halflings-regular.svg]
[www.cosmofilms.com/apanel/lightbox/visuallightbox.css]
[www.cosmofilms.com/apanel/applewebkit/index.html]
[www.cosmofilms.com/apanel/adobeair/index.html]
[www.cosmofilms.com/apanel/plugins/index.html]
[www.cosmofilms.com/apanel/themes/index.html]
[www.cosmofilms.com/apanel/fonts/glyphicons-halflings-regular.svg]
